// Jest Snapshot v1, https://goo.gl/fbAQLP

exports[`<ExitFullScreenButton /> is rendered 1`] = `
.emotion-0 {
  line-height: 1.2;
}

<ServicesProvider
  platform={
    Object {
      "setIsFullscreen": [MockFunction],
    }
  }
>
  <ExitFullScreenButton
    onExit={[MockFunction]}
  >
    <ExitFullScreenButton
      css={
        Object {
          "map": undefined,
          "name": "knjqgf",
          "next": undefined,
          "styles": "
    bottom: 8px;
    left: 8px;
    position: fixed;
    z-index: 5;
  ",
          "toString": [Function],
        }
      }
      onClick={[Function]}
    >
      <div
        className="exitFullScreenButton"
      >
        <EuiScreenReaderOnly>
          <p
            aria-live="polite"
            className="euiScreenReaderOnly"
          >
            In full screen mode, press ESC to exit.
          </p>
        </EuiScreenReaderOnly>
        <button
          aria-label="Exit full screen mode"
          onClick={[Function]}
        >
          <EuiFlexGroup
            alignItems="center"
            component="span"
            gutterSize="s"
            responsive={false}
          >
            <span
              className="euiFlexGroup euiFlexGroup--gutterSmall euiFlexGroup--alignItemsCenter euiFlexGroup--directionRow"
            >
              <EuiFlexItem
                grow={false}
              >
                <div
                  className="euiFlexItem euiFlexItem--flexGrowZero"
                >
                  <EuiIcon
                    size="l"
                    type="logoElastic"
                  >
                    <span
                      data-euiicon-type="logoElastic"
                      size="l"
                    />
                  </EuiIcon>
                </div>
              </EuiFlexItem>
              <EuiFlexItem
                data-test-subj="exitFullScreenModeText"
                grow={false}
              >
                <div
                  className="euiFlexItem euiFlexItem--flexGrowZero"
                  data-test-subj="exitFullScreenModeText"
                >
                  <EuiText
                    css={
                      Object {
                        "map": undefined,
                        "name": "bouowd",
                        "next": undefined,
                        "styles": "
    line-height: 1.2;
    #98a2b3;
  ",
                        "toString": [Function],
                      }
                    }
                    size="s"
                  >
                    <div
                      css="unknown styles"
                    >
                      <div
                        className="euiText euiText--small emotion-0"
                      >
                        Exit full screen
                      </div>
                    </div>
                  </EuiText>
                </div>
              </EuiFlexItem>
              <EuiFlexItem
                grow={false}
              >
                <div
                  className="euiFlexItem euiFlexItem--flexGrowZero"
                >
                  <EuiIcon
                    css={
                      Object {
                        "map": undefined,
                        "name": "1xgac5z",
                        "next": undefined,
                        "styles": "
    #98a2b3;
  ",
                        "toString": [Function],
                      }
                    }
                    type="fullScreen"
                  >
                    <span
                      css="unknown styles"
                      data-euiicon-type="fullScreen"
                    >
                      <span
                        className="emotion-1"
                        data-euiicon-type="fullScreen"
                      />
                    </span>
                  </EuiIcon>
                </div>
              </EuiFlexItem>
            </span>
          </EuiFlexGroup>
        </button>
      </div>
    </ExitFullScreenButton>
  </ExitFullScreenButton>
</ServicesProvider>
`;
