// Jest Snapshot v1, https://goo.gl/fbAQLP

exports[`AnalyticsNoDataPageComponent renders correctly 1`] = `
<AnalyticsNoDataPageProvider
  addBasePath={
    [MockFunction] {
      "calls": Array [
        Array [
          "/app/integrations/browse",
        ],
      ],
      "results": Array [
        Object {
          "type": "return",
          "value": "/app/integrations/browse",
        },
      ],
    }
  }
  canAccessFleet={true}
  canCreateNewDataView={true}
  currentAppId$={
    Observable {
      "_subscribe": [Function],
    }
  }
  dataViewsDocLink="some/link"
  hasDataView={[Function]}
  hasESData={[Function]}
  hasUserDataView={[Function]}
  intl={
    Object {
      "defaultFormats": Object {},
      "defaultLocale": "en",
      "formatDate": [Function],
      "formatHTMLMessage": [Function],
      "formatMessage": [Function],
      "formatNumber": [Function],
      "formatPlural": [Function],
      "formatRelative": [Function],
      "formatTime": [Function],
      "formats": Object {
        "date": Object {
          "full": Object {
            "day": "numeric",
            "month": "long",
            "weekday": "long",
            "year": "numeric",
          },
          "long": Object {
            "day": "numeric",
            "month": "long",
            "year": "numeric",
          },
          "medium": Object {
            "day": "numeric",
            "month": "short",
            "year": "numeric",
          },
          "short": Object {
            "day": "numeric",
            "month": "numeric",
            "year": "2-digit",
          },
        },
        "number": Object {
          "currency": Object {
            "style": "currency",
          },
          "percent": Object {
            "style": "percent",
          },
        },
        "relative": Object {
          "days": Object {
            "units": "day",
          },
          "hours": Object {
            "units": "hour",
          },
          "minutes": Object {
            "units": "minute",
          },
          "months": Object {
            "units": "month",
          },
          "seconds": Object {
            "units": "second",
          },
          "years": Object {
            "units": "year",
          },
        },
        "time": Object {
          "full": Object {
            "hour": "numeric",
            "minute": "numeric",
            "second": "numeric",
            "timeZoneName": "short",
          },
          "long": Object {
            "hour": "numeric",
            "minute": "numeric",
            "second": "numeric",
            "timeZoneName": "short",
          },
          "medium": Object {
            "hour": "numeric",
            "minute": "numeric",
            "second": "numeric",
          },
          "short": Object {
            "hour": "numeric",
            "minute": "numeric",
          },
        },
      },
      "formatters": Object {
        "getDateTimeFormat": [Function],
        "getMessageFormat": [Function],
        "getNumberFormat": [Function],
        "getPluralFormat": [Function],
        "getRelativeFormat": [Function],
      },
      "locale": "en",
      "messages": Object {},
      "now": [Function],
      "onError": [Function],
      "textComponent": Symbol(react.fragment),
      "timeZone": null,
    }
  }
  kibanaGuideDocLink="Kibana guide"
  navigateToUrl={[Function]}
  openDataViewEditor={[MockFunction]}
  setIsFullscreen={[MockFunction]}
>
  <KibanaNoDataPageProvider
    addBasePath={
      [MockFunction] {
        "calls": Array [
          Array [
            "/app/integrations/browse",
          ],
        ],
        "results": Array [
          Object {
            "type": "return",
            "value": "/app/integrations/browse",
          },
        ],
      }
    }
    canAccessFleet={true}
    canCreateNewDataView={true}
    currentAppId$={
      Observable {
        "_subscribe": [Function],
      }
    }
    dataViewsDocLink="some/link"
    hasDataView={[Function]}
    hasESData={[Function]}
    hasUserDataView={[Function]}
    intl={
      Object {
        "defaultFormats": Object {},
        "defaultLocale": "en",
        "formatDate": [Function],
        "formatHTMLMessage": [Function],
        "formatMessage": [Function],
        "formatNumber": [Function],
        "formatPlural": [Function],
        "formatRelative": [Function],
        "formatTime": [Function],
        "formats": Object {
          "date": Object {
            "full": Object {
              "day": "numeric",
              "month": "long",
              "weekday": "long",
              "year": "numeric",
            },
            "long": Object {
              "day": "numeric",
              "month": "long",
              "year": "numeric",
            },
            "medium": Object {
              "day": "numeric",
              "month": "short",
              "year": "numeric",
            },
            "short": Object {
              "day": "numeric",
              "month": "numeric",
              "year": "2-digit",
            },
          },
          "number": Object {
            "currency": Object {
              "style": "currency",
            },
            "percent": Object {
              "style": "percent",
            },
          },
          "relative": Object {
            "days": Object {
              "units": "day",
            },
            "hours": Object {
              "units": "hour",
            },
            "minutes": Object {
              "units": "minute",
            },
            "months": Object {
              "units": "month",
            },
            "seconds": Object {
              "units": "second",
            },
            "years": Object {
              "units": "year",
            },
          },
          "time": Object {
            "full": Object {
              "hour": "numeric",
              "minute": "numeric",
              "second": "numeric",
              "timeZoneName": "short",
            },
            "long": Object {
              "hour": "numeric",
              "minute": "numeric",
              "second": "numeric",
              "timeZoneName": "short",
            },
            "medium": Object {
              "hour": "numeric",
              "minute": "numeric",
              "second": "numeric",
            },
            "short": Object {
              "hour": "numeric",
              "minute": "numeric",
            },
          },
        },
        "formatters": Object {
          "getDateTimeFormat": [Function],
          "getMessageFormat": [Function],
          "getNumberFormat": [Function],
          "getPluralFormat": [Function],
          "getRelativeFormat": [Function],
        },
        "locale": "en",
        "messages": Object {},
        "now": [Function],
        "onError": [Function],
        "textComponent": Symbol(react.fragment),
        "timeZone": null,
      }
    }
    kibanaGuideDocLink="Kibana guide"
    navigateToUrl={[Function]}
    openDataViewEditor={[MockFunction]}
    setIsFullscreen={[MockFunction]}
  >
    <NoDataViewsPromptProvider
      addBasePath={
        [MockFunction] {
          "calls": Array [
            Array [
              "/app/integrations/browse",
            ],
          ],
          "results": Array [
            Object {
              "type": "return",
              "value": "/app/integrations/browse",
            },
          ],
        }
      }
      canAccessFleet={true}
      canCreateNewDataView={true}
      currentAppId$={
        Observable {
          "_subscribe": [Function],
        }
      }
      dataViewsDocLink="some/link"
      hasDataView={[Function]}
      hasESData={[Function]}
      hasUserDataView={[Function]}
      intl={
        Object {
          "defaultFormats": Object {},
          "defaultLocale": "en",
          "formatDate": [Function],
          "formatHTMLMessage": [Function],
          "formatMessage": [Function],
          "formatNumber": [Function],
          "formatPlural": [Function],
          "formatRelative": [Function],
          "formatTime": [Function],
          "formats": Object {
            "date": Object {
              "full": Object {
                "day": "numeric",
                "month": "long",
                "weekday": "long",
                "year": "numeric",
              },
              "long": Object {
                "day": "numeric",
                "month": "long",
                "year": "numeric",
              },
              "medium": Object {
                "day": "numeric",
                "month": "short",
                "year": "numeric",
              },
              "short": Object {
                "day": "numeric",
                "month": "numeric",
                "year": "2-digit",
              },
            },
            "number": Object {
              "currency": Object {
                "style": "currency",
              },
              "percent": Object {
                "style": "percent",
              },
            },
            "relative": Object {
              "days": Object {
                "units": "day",
              },
              "hours": Object {
                "units": "hour",
              },
              "minutes": Object {
                "units": "minute",
              },
              "months": Object {
                "units": "month",
              },
              "seconds": Object {
                "units": "second",
              },
              "years": Object {
                "units": "year",
              },
            },
            "time": Object {
              "full": Object {
                "hour": "numeric",
                "minute": "numeric",
                "second": "numeric",
                "timeZoneName": "short",
              },
              "long": Object {
                "hour": "numeric",
                "minute": "numeric",
                "second": "numeric",
                "timeZoneName": "short",
              },
              "medium": Object {
                "hour": "numeric",
                "minute": "numeric",
                "second": "numeric",
              },
              "short": Object {
                "hour": "numeric",
                "minute": "numeric",
              },
            },
          },
          "formatters": Object {
            "getDateTimeFormat": [Function],
            "getMessageFormat": [Function],
            "getNumberFormat": [Function],
            "getPluralFormat": [Function],
            "getRelativeFormat": [Function],
          },
          "locale": "en",
          "messages": Object {},
          "now": [Function],
          "onError": [Function],
          "textComponent": Symbol(react.fragment),
          "timeZone": null,
        }
      }
      kibanaGuideDocLink="Kibana guide"
      navigateToUrl={[Function]}
      openDataViewEditor={[MockFunction]}
      setIsFullscreen={[MockFunction]}
    >
      <SharedUxServicesProvider
        application={
          Object {
            "currentAppId$": Observable {
              "_subscribe": [Function],
            },
            "navigateToUrl": [Function],
          }
        }
        data={
          Object {
            "hasDataView": [Function],
            "hasESData": [Function],
            "hasUserDataView": [Function],
          }
        }
        docLinks={
          Object {
            "dataViewsDocLink": "some/link",
          }
        }
        editors={
          Object {
            "openDataViewEditor": [MockFunction],
          }
        }
        http={
          Object {
            "addBasePath": [MockFunction] {
              "calls": Array [
                Array [
                  "/app/integrations/browse",
                ],
              ],
              "results": Array [
                Object {
                  "type": "return",
                  "value": "/app/integrations/browse",
                },
              ],
            },
          }
        }
        permissions={
          Object {
            "canAccessFleet": true,
            "canCreateNewDataView": true,
          }
        }
        platform={
          Object {
            "setIsFullscreen": [MockFunction],
          }
        }
      >
        <AnalyticsNoDataPage
          kibanaGuideDocLink="http://www.test.com"
          onDataViewCreated={[MockFunction]}
        >
          <KibanaNoDataPage
            noDataConfig={
              Object {
                "action": Object {
                  "elasticAgent": Object {
                    "data-test-subj": "kbnOverviewAddIntegrations",
                    "description": "Use Elastic Agent to collect data and build out Analytics solutions.",
                    "title": "Add integrations",
                  },
                },
                "docsLink": "http://www.test.com",
                "logo": "logoKibana",
                "pageTitle": "Welcome to Analytics!",
                "solution": "Analytics",
              }
            }
            onDataViewCreated={[MockFunction]}
          >
            <EuiLoadingElastic
              css={
                Object {
                  "margin": "auto",
                }
              }
              size="xxl"
            >
              <span
                css="unknown styles"
              >
                <Insertion
                  cache={
                    Object {
                      "insert": [Function],
                      "inserted": Object {
                        "1bfqt4r-EuiLoadingElastic": true,
                        "1dsx8gj-euiAvatar-xl-user-plain": true,
                        "1hu4pg0-EuiCard": true,
                        "1ji3uld-euiSpacer-xxl": true,
                        "jz428s-euiSpacer-l": true,
                      },
                      "key": "css",
                      "nonce": undefined,
                      "registered": Object {
                        "css-1hu4pg0-EuiCard": "max-width:400px;margin-inline:auto;;label:EuiCard;",
                      },
                      "sheet": StyleSheet {
                        "_alreadyInsertedOrderInsensitiveRule": true,
                        "_insertTag": [Function],
                        "before": null,
                        "container": <head>
                          <style
                            data-emotion="css"
                            data-s=""
                          >
                            
                            .css-1bfqt4r-EuiLoadingElastic{margin:auto;}
                          </style>
                          <style
                            data-emotion="css"
                            data-s=""
                          >
                            
                            .css-1dsx8gj-euiAvatar-xl-user-plain{-webkit-flex-shrink:0;-ms-flex-negative:0;flex-shrink:0;display:-webkit-inline-box;display:-webkit-inline-flex;display:-ms-inline-flexbox;display:inline-flex;-webkit-box-pack:center;-ms-flex-pack:center;-webkit-justify-content:center;justify-content:center;-webkit-align-items:center;-webkit-box-align:center;-ms-flex-align:center;align-items:center;-webkit-background-size:cover;background-size:cover;text-align:center;vertical-align:middle;overflow-x:hidden;font-weight:500;width:calc(16px * 4);height:calc(16px * 4);line-height:calc(16px * 4);font-size:calc(32px * 0.8);border-radius:50%;background-color:#FFF;}/*# sourceMappingURL=data:application/json;charset=utf-8;base64,eyJ2ZXJzaW9uIjozLCJzb3VyY2VzIjpbIi4uLy4uLy4uL3NyYy9jb21wb25lbnRzL2F2YXRhci9hdmF0YXIuc3R5bGVzLnRzIl0sIm5hbWVzIjpbXSwibWFwcGluZ3MiOiJBQTBDWSIsImZpbGUiOiIuLi8uLi8uLi9zcmMvY29tcG9uZW50cy9hdmF0YXIvYXZhdGFyLnN0eWxlcy50cyIsInNvdXJjZXNDb250ZW50IjpbIi8qXG4gKiBDb3B5cmlnaHQgRWxhc3RpY3NlYXJjaCBCLlYuIGFuZC9vciBsaWNlbnNlZCB0byBFbGFzdGljc2VhcmNoIEIuVi4gdW5kZXIgb25lXG4gKiBvciBtb3JlIGNvbnRyaWJ1dG9yIGxpY2Vuc2UgYWdyZWVtZW50cy4gTGljZW5zZWQgdW5kZXIgdGhlIEVsYXN0aWMgTGljZW5zZVxuICogMi4wIGFuZCB0aGUgU2VydmVyIFNpZGUgUHVibGljIExpY2Vuc2UsIHYgMTsgeW91IG1heSBub3QgdXNlIHRoaXMgZmlsZSBleGNlcHRcbiAqIGluIGNvbXBsaWFuY2Ugd2l0aCwgYXQgeW91ciBlbGVjdGlvbiwgdGhlIEVsYXN0aWMgTGljZW5zZSAyLjAgb3IgdGhlIFNlcnZlclxuICogU2lkZSBQdWJsaWMgTGljZW5zZSwgdiAxLlxuICovXG5cbmltcG9ydCB7IGNzcyB9IGZyb20gJ0BlbW90aW9uL3JlYWN0JztcbmltcG9ydCB7IFVzZUV1aVRoZW1lIH0gZnJvbSAnLi4vLi4vc2VydmljZXMnO1xuXG5jb25zdCBfYXZhdGFyU2l6ZSA9ICh7XG4gIHNpemUsXG4gIGZvbnRTaXplLFxufToge1xuICBzaXplOiBzdHJpbmc7XG4gIGZvbnRTaXplOiBzdHJpbmc7XG59KSA9PiB7XG4gIHJldHVybiBgXG4gICAgd2lkdGg6ICR7c2l6ZX07XG4gICAgaGVpZ2h0OiAke3NpemV9O1xuICAgIGxpbmUtaGVpZ2h0OiAke3NpemV9O1xuICAgIGZvbnQtc2l6ZTogJHtmb250U2l6ZX07XG4gIGA7XG59O1xuXG5leHBvcnQgY29uc3QgZXVpQXZhdGFyU3R5bGVzID0gKHsgZXVpVGhlbWUgfTogVXNlRXVpVGhlbWUpID0+ICh7XG4gIC8vIEJhc2VcbiAgZXVpQXZhdGFyOiBjc3NgXG4gICAgLy8gRW5zdXJlcyBpdCBuZXZlciBzY2FsZXMgZG93biBiZWxvdyBpdHMgaW50ZW5kZWQgc2l6ZVxuICAgIGZsZXgtc2hyaW5rOiAwO1xuICAgIGRpc3BsYXk6IGlubGluZS1mbGV4O1xuICAgIGp1c3RpZnktY29udGVudDogY2VudGVyO1xuICAgIGFsaWduLWl0ZW1zOiBjZW50ZXI7XG4gICAgYmFja2dyb3VuZC1zaXplOiBjb3ZlcjtcbiAgICB0ZXh0LWFsaWduOiBjZW50ZXI7XG4gICAgdmVydGljYWwtYWxpZ246IG1pZGRsZTtcbiAgICBvdmVyZmxvdy14OiBoaWRkZW47XG4gICAgLy8gRXhwbGljaXRseSBzdGF0ZSB3ZWlnaHQgc28gaXQgZG9lc24ndCBnZXQgb3ZlcnJpZGRlbiBieSBpbmhlcml0YW5jZVxuICAgIGZvbnQtd2VpZ2h0OiAke2V1aVRoZW1lLmZvbnQud2VpZ2h0Lm1lZGl1bX07XG4gIGAsXG4gIC8vIFZhcmlhbnRzXG4gIHBsYWluOiBjc3NgXG4gICAgYmFja2dyb3VuZC1jb2xvcjogJHtldWlUaGVtZS5jb2xvcnMuZW1wdHlTaGFkZX07XG4gIGAsXG4gIHN1YmR1ZWQ6IGNzc2BcbiAgICBiYWNrZ3JvdW5kLWNvbG9yOiAke2V1aVRoZW1lLmNvbG9ycy5saWdodGVzdFNoYWRlfTtcbiAgYCxcbiAgdXNlcjogY3NzYFxuICAgIGJvcmRlci1yYWRpdXM6IDUwJTtcbiAgYCxcbiAgc3BhY2U6IGNzc2BcbiAgICBib3JkZXItcmFkaXVzOiAke2V1aVRoZW1lLmJvcmRlci5yYWRpdXMubWVkaXVtfTtcbiAgYCxcbiAgLy8gU3RhdGVzXG4gIGlzRGlzYWJsZWQ6IGNzc2BcbiAgICBjdXJzb3I6IG5vdC1hbGxvd2VkO1xuICAgIGZpbHRlcjogZ3JheXNjYWxlKDEwMCUpO1xuICBgLFxuICAvLyBTaXplc1xuICBzOiBjc3MoXG4gICAgX2F2YXRhclNpemUoe1xuICAgICAgc2l6ZTogZXVpVGhlbWUuc2l6ZS5sLFxuICAgICAgZm9udFNpemU6IGV1aVRoZW1lLnNpemUubSxcbiAgICB9KVxuICApLFxuICBtOiBjc3MoXG4gICAgX2F2YXRhclNpemUoe1xuICAgICAgc2l6ZTogZXVpVGhlbWUuc2l6ZS54bCxcbiAgICAgIGZvbnRTaXplOiBgY2FsYygke2V1aVRoZW1lLnNpemUuYmFzZX0gKiAwLjkpYCxcbiAgICB9KVxuICApLFxuICBsOiBjc3MoXG4gICAgX2F2YXRhclNpemUoe1xuICAgICAgc2l6ZTogZXVpVGhlbWUuc2l6ZS54eGwsXG4gICAgICBmb250U2l6ZTogYGNhbGMoJHtldWlUaGVtZS5zaXplLmx9ICogMC44KWAsXG4gICAgfSlcbiAgKSxcbiAgeGw6IGNzcyhcbiAgICBfYXZhdGFyU2l6ZSh7XG4gICAgICBzaXplOiBgY2FsYygke2V1aVRoZW1lLnNpemUuYmFzZX0gKiA0KWAsXG4gICAgICBmb250U2l6ZTogYGNhbGMoJHtldWlUaGVtZS5zaXplLnhsfSAqIDAuOClgLFxuICAgIH0pXG4gICksXG59KTtcbiJdfQ== */
                          </style>
                          <style
                            data-emotion="css"
                            data-s=""
                          >
                            
                            .css-jz428s-euiSpacer-l{-webkit-flex-shrink:0;-ms-flex-negative:0;flex-shrink:0;height:24px;}/*# sourceMappingURL=data:application/json;charset=utf-8;base64,eyJ2ZXJzaW9uIjozLCJzb3VyY2VzIjpbIi4uLy4uLy4uL3NyYy9jb21wb25lbnRzL3NwYWNlci9zcGFjZXIuc3R5bGVzLnRzIl0sIm5hbWVzIjpbXSwibWFwcGluZ3MiOiJBQTBCUSIsImZpbGUiOiIuLi8uLi8uLi9zcmMvY29tcG9uZW50cy9zcGFjZXIvc3BhY2VyLnN0eWxlcy50cyIsInNvdXJjZXNDb250ZW50IjpbIi8qXG4gKiBDb3B5cmlnaHQgRWxhc3RpY3NlYXJjaCBCLlYuIGFuZC9vciBsaWNlbnNlZCB0byBFbGFzdGljc2VhcmNoIEIuVi4gdW5kZXIgb25lXG4gKiBvciBtb3JlIGNvbnRyaWJ1dG9yIGxpY2Vuc2UgYWdyZWVtZW50cy4gTGljZW5zZWQgdW5kZXIgdGhlIEVsYXN0aWMgTGljZW5zZVxuICogMi4wIGFuZCB0aGUgU2VydmVyIFNpZGUgUHVibGljIExpY2Vuc2UsIHYgMTsgeW91IG1heSBub3QgdXNlIHRoaXMgZmlsZSBleGNlcHRcbiAqIGluIGNvbXBsaWFuY2Ugd2l0aCwgYXQgeW91ciBlbGVjdGlvbiwgdGhlIEVsYXN0aWMgTGljZW5zZSAyLjAgb3IgdGhlIFNlcnZlclxuICogU2lkZSBQdWJsaWMgTGljZW5zZSwgdiAxLlxuICovXG5cbmltcG9ydCB7IGNzcyB9IGZyb20gJ0BlbW90aW9uL3JlYWN0JztcbmltcG9ydCB7IFVzZUV1aVRoZW1lIH0gZnJvbSAnLi4vLi4vc2VydmljZXMnO1xuXG5leHBvcnQgY29uc3QgZXVpU3BhY2VyU3R5bGVzID0gKHsgZXVpVGhlbWUgfTogVXNlRXVpVGhlbWUpID0+ICh7XG4gIC8vIGJhc2VcbiAgZXVpU3BhY2VyOiBjc3NgXG4gICAgZmxleC1zaHJpbms6IDA7IC8vIGRvbid0IGV2ZXIgbGV0IHRoaXMgc2hyaW5rIGluIGhlaWdodCBpZiBkaXJlY3QgZGVzY2VuZGVudCBvZiBmbGV4O1xuICBgLFxuICAvLyB2YXJpYW50c1xuICB4czogY3NzYFxuICAgIGhlaWdodDogJHtldWlUaGVtZS5zaXplLnhzfTtcbiAgYCxcbiAgczogY3NzYFxuICAgIGhlaWdodDogJHtldWlUaGVtZS5zaXplLnN9O1xuICBgLFxuICBtOiBjc3NgXG4gICAgaGVpZ2h0OiAke2V1aVRoZW1lLnNpemUuYmFzZX07XG4gIGAsXG4gIGw6IGNzc2BcbiAgICBoZWlnaHQ6ICR7ZXVpVGhlbWUuc2l6ZS5sfTtcbiAgYCxcbiAgeGw6IGNzc2BcbiAgICBoZWlnaHQ6ICR7ZXVpVGhlbWUuc2l6ZS54bH07XG4gIGAsXG4gIHh4bDogY3NzYFxuICAgIGhlaWdodDogJHtldWlUaGVtZS5zaXplLnh4bH07XG4gIGAsXG59KTtcbiJdfQ== */
                          </style>
                          <style
                            data-emotion="css"
                            data-s=""
                          >
                            
                            .css-1ji3uld-euiSpacer-xxl{-webkit-flex-shrink:0;-ms-flex-negative:0;flex-shrink:0;height:40px;}/*# sourceMappingURL=data:application/json;charset=utf-8;base64,eyJ2ZXJzaW9uIjozLCJzb3VyY2VzIjpbIi4uLy4uLy4uL3NyYy9jb21wb25lbnRzL3NwYWNlci9zcGFjZXIuc3R5bGVzLnRzIl0sIm5hbWVzIjpbXSwibWFwcGluZ3MiOiJBQWdDVSIsImZpbGUiOiIuLi8uLi8uLi9zcmMvY29tcG9uZW50cy9zcGFjZXIvc3BhY2VyLnN0eWxlcy50cyIsInNvdXJjZXNDb250ZW50IjpbIi8qXG4gKiBDb3B5cmlnaHQgRWxhc3RpY3NlYXJjaCBCLlYuIGFuZC9vciBsaWNlbnNlZCB0byBFbGFzdGljc2VhcmNoIEIuVi4gdW5kZXIgb25lXG4gKiBvciBtb3JlIGNvbnRyaWJ1dG9yIGxpY2Vuc2UgYWdyZWVtZW50cy4gTGljZW5zZWQgdW5kZXIgdGhlIEVsYXN0aWMgTGljZW5zZVxuICogMi4wIGFuZCB0aGUgU2VydmVyIFNpZGUgUHVibGljIExpY2Vuc2UsIHYgMTsgeW91IG1heSBub3QgdXNlIHRoaXMgZmlsZSBleGNlcHRcbiAqIGluIGNvbXBsaWFuY2Ugd2l0aCwgYXQgeW91ciBlbGVjdGlvbiwgdGhlIEVsYXN0aWMgTGljZW5zZSAyLjAgb3IgdGhlIFNlcnZlclxuICogU2lkZSBQdWJsaWMgTGljZW5zZSwgdiAxLlxuICovXG5cbmltcG9ydCB7IGNzcyB9IGZyb20gJ0BlbW90aW9uL3JlYWN0JztcbmltcG9ydCB7IFVzZUV1aVRoZW1lIH0gZnJvbSAnLi4vLi4vc2VydmljZXMnO1xuXG5leHBvcnQgY29uc3QgZXVpU3BhY2VyU3R5bGVzID0gKHsgZXVpVGhlbWUgfTogVXNlRXVpVGhlbWUpID0+ICh7XG4gIC8vIGJhc2VcbiAgZXVpU3BhY2VyOiBjc3NgXG4gICAgZmxleC1zaHJpbms6IDA7IC8vIGRvbid0IGV2ZXIgbGV0IHRoaXMgc2hyaW5rIGluIGhlaWdodCBpZiBkaXJlY3QgZGVzY2VuZGVudCBvZiBmbGV4O1xuICBgLFxuICAvLyB2YXJpYW50c1xuICB4czogY3NzYFxuICAgIGhlaWdodDogJHtldWlUaGVtZS5zaXplLnhzfTtcbiAgYCxcbiAgczogY3NzYFxuICAgIGhlaWdodDogJHtldWlUaGVtZS5zaXplLnN9O1xuICBgLFxuICBtOiBjc3NgXG4gICAgaGVpZ2h0OiAke2V1aVRoZW1lLnNpemUuYmFzZX07XG4gIGAsXG4gIGw6IGNzc2BcbiAgICBoZWlnaHQ6ICR7ZXVpVGhlbWUuc2l6ZS5sfTtcbiAgYCxcbiAgeGw6IGNzc2BcbiAgICBoZWlnaHQ6ICR7ZXVpVGhlbWUuc2l6ZS54bH07XG4gIGAsXG4gIHh4bDogY3NzYFxuICAgIGhlaWdodDogJHtldWlUaGVtZS5zaXplLnh4bH07XG4gIGAsXG59KTtcbiJdfQ== */
                          </style>
                          <style
                            data-emotion="css"
                            data-s=""
                          >
                            
                            .css-1hu4pg0-EuiCard{max-width:400px;margin-inline:auto;}
                          </style>
                          <style
                            data-styled="active"
                            data-styled-version="5.1.0"
                          />
                        </head>,
                        "ctr": 5,
                        "insertionPoint": undefined,
                        "isSpeedy": false,
                        "key": "css",
                        "nonce": undefined,
                        "prepend": undefined,
                        "tags": Array [
                          <style
                            data-emotion="css"
                            data-s=""
                          >
                            
                            .css-1bfqt4r-EuiLoadingElastic{margin:auto;}
                          </style>,
                          <style
                            data-emotion="css"
                            data-s=""
                          >
                            
                            .css-1dsx8gj-euiAvatar-xl-user-plain{-webkit-flex-shrink:0;-ms-flex-negative:0;flex-shrink:0;display:-webkit-inline-box;display:-webkit-inline-flex;display:-ms-inline-flexbox;display:inline-flex;-webkit-box-pack:center;-ms-flex-pack:center;-webkit-justify-content:center;justify-content:center;-webkit-align-items:center;-webkit-box-align:center;-ms-flex-align:center;align-items:center;-webkit-background-size:cover;background-size:cover;text-align:center;vertical-align:middle;overflow-x:hidden;font-weight:500;width:calc(16px * 4);height:calc(16px * 4);line-height:calc(16px * 4);font-size:calc(32px * 0.8);border-radius:50%;background-color:#FFF;}/*# sourceMappingURL=data:application/json;charset=utf-8;base64,eyJ2ZXJzaW9uIjozLCJzb3VyY2VzIjpbIi4uLy4uLy4uL3NyYy9jb21wb25lbnRzL2F2YXRhci9hdmF0YXIuc3R5bGVzLnRzIl0sIm5hbWVzIjpbXSwibWFwcGluZ3MiOiJBQTBDWSIsImZpbGUiOiIuLi8uLi8uLi9zcmMvY29tcG9uZW50cy9hdmF0YXIvYXZhdGFyLnN0eWxlcy50cyIsInNvdXJjZXNDb250ZW50IjpbIi8qXG4gKiBDb3B5cmlnaHQgRWxhc3RpY3NlYXJjaCBCLlYuIGFuZC9vciBsaWNlbnNlZCB0byBFbGFzdGljc2VhcmNoIEIuVi4gdW5kZXIgb25lXG4gKiBvciBtb3JlIGNvbnRyaWJ1dG9yIGxpY2Vuc2UgYWdyZWVtZW50cy4gTGljZW5zZWQgdW5kZXIgdGhlIEVsYXN0aWMgTGljZW5zZVxuICogMi4wIGFuZCB0aGUgU2VydmVyIFNpZGUgUHVibGljIExpY2Vuc2UsIHYgMTsgeW91IG1heSBub3QgdXNlIHRoaXMgZmlsZSBleGNlcHRcbiAqIGluIGNvbXBsaWFuY2Ugd2l0aCwgYXQgeW91ciBlbGVjdGlvbiwgdGhlIEVsYXN0aWMgTGljZW5zZSAyLjAgb3IgdGhlIFNlcnZlclxuICogU2lkZSBQdWJsaWMgTGljZW5zZSwgdiAxLlxuICovXG5cbmltcG9ydCB7IGNzcyB9IGZyb20gJ0BlbW90aW9uL3JlYWN0JztcbmltcG9ydCB7IFVzZUV1aVRoZW1lIH0gZnJvbSAnLi4vLi4vc2VydmljZXMnO1xuXG5jb25zdCBfYXZhdGFyU2l6ZSA9ICh7XG4gIHNpemUsXG4gIGZvbnRTaXplLFxufToge1xuICBzaXplOiBzdHJpbmc7XG4gIGZvbnRTaXplOiBzdHJpbmc7XG59KSA9PiB7XG4gIHJldHVybiBgXG4gICAgd2lkdGg6ICR7c2l6ZX07XG4gICAgaGVpZ2h0OiAke3NpemV9O1xuICAgIGxpbmUtaGVpZ2h0OiAke3NpemV9O1xuICAgIGZvbnQtc2l6ZTogJHtmb250U2l6ZX07XG4gIGA7XG59O1xuXG5leHBvcnQgY29uc3QgZXVpQXZhdGFyU3R5bGVzID0gKHsgZXVpVGhlbWUgfTogVXNlRXVpVGhlbWUpID0+ICh7XG4gIC8vIEJhc2VcbiAgZXVpQXZhdGFyOiBjc3NgXG4gICAgLy8gRW5zdXJlcyBpdCBuZXZlciBzY2FsZXMgZG93biBiZWxvdyBpdHMgaW50ZW5kZWQgc2l6ZVxuICAgIGZsZXgtc2hyaW5rOiAwO1xuICAgIGRpc3BsYXk6IGlubGluZS1mbGV4O1xuICAgIGp1c3RpZnktY29udGVudDogY2VudGVyO1xuICAgIGFsaWduLWl0ZW1zOiBjZW50ZXI7XG4gICAgYmFja2dyb3VuZC1zaXplOiBjb3ZlcjtcbiAgICB0ZXh0LWFsaWduOiBjZW50ZXI7XG4gICAgdmVydGljYWwtYWxpZ246IG1pZGRsZTtcbiAgICBvdmVyZmxvdy14OiBoaWRkZW47XG4gICAgLy8gRXhwbGljaXRseSBzdGF0ZSB3ZWlnaHQgc28gaXQgZG9lc24ndCBnZXQgb3ZlcnJpZGRlbiBieSBpbmhlcml0YW5jZVxuICAgIGZvbnQtd2VpZ2h0OiAke2V1aVRoZW1lLmZvbnQud2VpZ2h0Lm1lZGl1bX07XG4gIGAsXG4gIC8vIFZhcmlhbnRzXG4gIHBsYWluOiBjc3NgXG4gICAgYmFja2dyb3VuZC1jb2xvcjogJHtldWlUaGVtZS5jb2xvcnMuZW1wdHlTaGFkZX07XG4gIGAsXG4gIHN1YmR1ZWQ6IGNzc2BcbiAgICBiYWNrZ3JvdW5kLWNvbG9yOiAke2V1aVRoZW1lLmNvbG9ycy5saWdodGVzdFNoYWRlfTtcbiAgYCxcbiAgdXNlcjogY3NzYFxuICAgIGJvcmRlci1yYWRpdXM6IDUwJTtcbiAgYCxcbiAgc3BhY2U6IGNzc2BcbiAgICBib3JkZXItcmFkaXVzOiAke2V1aVRoZW1lLmJvcmRlci5yYWRpdXMubWVkaXVtfTtcbiAgYCxcbiAgLy8gU3RhdGVzXG4gIGlzRGlzYWJsZWQ6IGNzc2BcbiAgICBjdXJzb3I6IG5vdC1hbGxvd2VkO1xuICAgIGZpbHRlcjogZ3JheXNjYWxlKDEwMCUpO1xuICBgLFxuICAvLyBTaXplc1xuICBzOiBjc3MoXG4gICAgX2F2YXRhclNpemUoe1xuICAgICAgc2l6ZTogZXVpVGhlbWUuc2l6ZS5sLFxuICAgICAgZm9udFNpemU6IGV1aVRoZW1lLnNpemUubSxcbiAgICB9KVxuICApLFxuICBtOiBjc3MoXG4gICAgX2F2YXRhclNpemUoe1xuICAgICAgc2l6ZTogZXVpVGhlbWUuc2l6ZS54bCxcbiAgICAgIGZvbnRTaXplOiBgY2FsYygke2V1aVRoZW1lLnNpemUuYmFzZX0gKiAwLjkpYCxcbiAgICB9KVxuICApLFxuICBsOiBjc3MoXG4gICAgX2F2YXRhclNpemUoe1xuICAgICAgc2l6ZTogZXVpVGhlbWUuc2l6ZS54eGwsXG4gICAgICBmb250U2l6ZTogYGNhbGMoJHtldWlUaGVtZS5zaXplLmx9ICogMC44KWAsXG4gICAgfSlcbiAgKSxcbiAgeGw6IGNzcyhcbiAgICBfYXZhdGFyU2l6ZSh7XG4gICAgICBzaXplOiBgY2FsYygke2V1aVRoZW1lLnNpemUuYmFzZX0gKiA0KWAsXG4gICAgICBmb250U2l6ZTogYGNhbGMoJHtldWlUaGVtZS5zaXplLnhsfSAqIDAuOClgLFxuICAgIH0pXG4gICksXG59KTtcbiJdfQ== */
                          </style>,
                          <style
                            data-emotion="css"
                            data-s=""
                          >
                            
                            .css-jz428s-euiSpacer-l{-webkit-flex-shrink:0;-ms-flex-negative:0;flex-shrink:0;height:24px;}/*# sourceMappingURL=data:application/json;charset=utf-8;base64,eyJ2ZXJzaW9uIjozLCJzb3VyY2VzIjpbIi4uLy4uLy4uL3NyYy9jb21wb25lbnRzL3NwYWNlci9zcGFjZXIuc3R5bGVzLnRzIl0sIm5hbWVzIjpbXSwibWFwcGluZ3MiOiJBQTBCUSIsImZpbGUiOiIuLi8uLi8uLi9zcmMvY29tcG9uZW50cy9zcGFjZXIvc3BhY2VyLnN0eWxlcy50cyIsInNvdXJjZXNDb250ZW50IjpbIi8qXG4gKiBDb3B5cmlnaHQgRWxhc3RpY3NlYXJjaCBCLlYuIGFuZC9vciBsaWNlbnNlZCB0byBFbGFzdGljc2VhcmNoIEIuVi4gdW5kZXIgb25lXG4gKiBvciBtb3JlIGNvbnRyaWJ1dG9yIGxpY2Vuc2UgYWdyZWVtZW50cy4gTGljZW5zZWQgdW5kZXIgdGhlIEVsYXN0aWMgTGljZW5zZVxuICogMi4wIGFuZCB0aGUgU2VydmVyIFNpZGUgUHVibGljIExpY2Vuc2UsIHYgMTsgeW91IG1heSBub3QgdXNlIHRoaXMgZmlsZSBleGNlcHRcbiAqIGluIGNvbXBsaWFuY2Ugd2l0aCwgYXQgeW91ciBlbGVjdGlvbiwgdGhlIEVsYXN0aWMgTGljZW5zZSAyLjAgb3IgdGhlIFNlcnZlclxuICogU2lkZSBQdWJsaWMgTGljZW5zZSwgdiAxLlxuICovXG5cbmltcG9ydCB7IGNzcyB9IGZyb20gJ0BlbW90aW9uL3JlYWN0JztcbmltcG9ydCB7IFVzZUV1aVRoZW1lIH0gZnJvbSAnLi4vLi4vc2VydmljZXMnO1xuXG5leHBvcnQgY29uc3QgZXVpU3BhY2VyU3R5bGVzID0gKHsgZXVpVGhlbWUgfTogVXNlRXVpVGhlbWUpID0+ICh7XG4gIC8vIGJhc2VcbiAgZXVpU3BhY2VyOiBjc3NgXG4gICAgZmxleC1zaHJpbms6IDA7IC8vIGRvbid0IGV2ZXIgbGV0IHRoaXMgc2hyaW5rIGluIGhlaWdodCBpZiBkaXJlY3QgZGVzY2VuZGVudCBvZiBmbGV4O1xuICBgLFxuICAvLyB2YXJpYW50c1xuICB4czogY3NzYFxuICAgIGhlaWdodDogJHtldWlUaGVtZS5zaXplLnhzfTtcbiAgYCxcbiAgczogY3NzYFxuICAgIGhlaWdodDogJHtldWlUaGVtZS5zaXplLnN9O1xuICBgLFxuICBtOiBjc3NgXG4gICAgaGVpZ2h0OiAke2V1aVRoZW1lLnNpemUuYmFzZX07XG4gIGAsXG4gIGw6IGNzc2BcbiAgICBoZWlnaHQ6ICR7ZXVpVGhlbWUuc2l6ZS5sfTtcbiAgYCxcbiAgeGw6IGNzc2BcbiAgICBoZWlnaHQ6ICR7ZXVpVGhlbWUuc2l6ZS54bH07XG4gIGAsXG4gIHh4bDogY3NzYFxuICAgIGhlaWdodDogJHtldWlUaGVtZS5zaXplLnh4bH07XG4gIGAsXG59KTtcbiJdfQ== */
                          </style>,
                          <style
                            data-emotion="css"
                            data-s=""
                          >
                            
                            .css-1ji3uld-euiSpacer-xxl{-webkit-flex-shrink:0;-ms-flex-negative:0;flex-shrink:0;height:40px;}/*# sourceMappingURL=data:application/json;charset=utf-8;base64,eyJ2ZXJzaW9uIjozLCJzb3VyY2VzIjpbIi4uLy4uLy4uL3NyYy9jb21wb25lbnRzL3NwYWNlci9zcGFjZXIuc3R5bGVzLnRzIl0sIm5hbWVzIjpbXSwibWFwcGluZ3MiOiJBQWdDVSIsImZpbGUiOiIuLi8uLi8uLi9zcmMvY29tcG9uZW50cy9zcGFjZXIvc3BhY2VyLnN0eWxlcy50cyIsInNvdXJjZXNDb250ZW50IjpbIi8qXG4gKiBDb3B5cmlnaHQgRWxhc3RpY3NlYXJjaCBCLlYuIGFuZC9vciBsaWNlbnNlZCB0byBFbGFzdGljc2VhcmNoIEIuVi4gdW5kZXIgb25lXG4gKiBvciBtb3JlIGNvbnRyaWJ1dG9yIGxpY2Vuc2UgYWdyZWVtZW50cy4gTGljZW5zZWQgdW5kZXIgdGhlIEVsYXN0aWMgTGljZW5zZVxuICogMi4wIGFuZCB0aGUgU2VydmVyIFNpZGUgUHVibGljIExpY2Vuc2UsIHYgMTsgeW91IG1heSBub3QgdXNlIHRoaXMgZmlsZSBleGNlcHRcbiAqIGluIGNvbXBsaWFuY2Ugd2l0aCwgYXQgeW91ciBlbGVjdGlvbiwgdGhlIEVsYXN0aWMgTGljZW5zZSAyLjAgb3IgdGhlIFNlcnZlclxuICogU2lkZSBQdWJsaWMgTGljZW5zZSwgdiAxLlxuICovXG5cbmltcG9ydCB7IGNzcyB9IGZyb20gJ0BlbW90aW9uL3JlYWN0JztcbmltcG9ydCB7IFVzZUV1aVRoZW1lIH0gZnJvbSAnLi4vLi4vc2VydmljZXMnO1xuXG5leHBvcnQgY29uc3QgZXVpU3BhY2VyU3R5bGVzID0gKHsgZXVpVGhlbWUgfTogVXNlRXVpVGhlbWUpID0+ICh7XG4gIC8vIGJhc2VcbiAgZXVpU3BhY2VyOiBjc3NgXG4gICAgZmxleC1zaHJpbms6IDA7IC8vIGRvbid0IGV2ZXIgbGV0IHRoaXMgc2hyaW5rIGluIGhlaWdodCBpZiBkaXJlY3QgZGVzY2VuZGVudCBvZiBmbGV4O1xuICBgLFxuICAvLyB2YXJpYW50c1xuICB4czogY3NzYFxuICAgIGhlaWdodDogJHtldWlUaGVtZS5zaXplLnhzfTtcbiAgYCxcbiAgczogY3NzYFxuICAgIGhlaWdodDogJHtldWlUaGVtZS5zaXplLnN9O1xuICBgLFxuICBtOiBjc3NgXG4gICAgaGVpZ2h0OiAke2V1aVRoZW1lLnNpemUuYmFzZX07XG4gIGAsXG4gIGw6IGNzc2BcbiAgICBoZWlnaHQ6ICR7ZXVpVGhlbWUuc2l6ZS5sfTtcbiAgYCxcbiAgeGw6IGNzc2BcbiAgICBoZWlnaHQ6ICR7ZXVpVGhlbWUuc2l6ZS54bH07XG4gIGAsXG4gIHh4bDogY3NzYFxuICAgIGhlaWdodDogJHtldWlUaGVtZS5zaXplLnh4bH07XG4gIGAsXG59KTtcbiJdfQ== */
                          </style>,
                          <style
                            data-emotion="css"
                            data-s=""
                          >
                            
                            .css-1hu4pg0-EuiCard{max-width:400px;margin-inline:auto;}
                          </style>,
                        ],
                      },
                    }
                  }
                  isStringTag={true}
                  serialized={
                    Object {
                      "map": undefined,
                      "name": "1bfqt4r-EuiLoadingElastic",
                      "next": undefined,
                      "styles": "margin:auto;;label:EuiLoadingElastic;",
                      "toString": [Function],
                    }
                  }
                />
                <span
                  className="euiLoadingElastic euiLoadingElastic--xxLarge css-1bfqt4r-EuiLoadingElastic"
                >
                  <EuiIcon
                    size="xxl"
                    type="logoElastic"
                  >
                    <span
                      data-euiicon-type="logoElastic"
                      size="xxl"
                    />
                  </EuiIcon>
                </span>
              </span>
            </EuiLoadingElastic>
          </KibanaNoDataPage>
        </AnalyticsNoDataPage>
      </SharedUxServicesProvider>
    </NoDataViewsPromptProvider>
  </KibanaNoDataPageProvider>
</AnalyticsNoDataPageProvider>
`;
